
> frontend@0.0.0 build
> tsc -b && vite build

src/pages/Analytics.tsx(3,97): error TS6133: 'Wand2' is declared but its value is never read.
